// Vitest Snapshot v1, https://vitest.dev/guide/snapshot.html

exports[`<Blanket> Component > matches snapshot with no props 1`] = `
<div
  aria-hidden="true"
  aria-label="Backdrop overlay, click to close modal"
  class="ucl-blanket css-gsa5om"
  data-testid="ucl-blanket"
/>
`;
